SUCCESS,/categories/jalan/jual-cor-beton-readymix-untuk-jalan-di-abadijaya-depok/,"revised"
SUCCESS,/categories/jalan/jual-cor-beton-readymix-untuk-jalan-di-angke-jakarta/,"revised"
FAILED,/categories/jalan/jual-cor-beton-readymix-untuk-jalan-di-babakan-asem-tangerang/,"Revised content too short (7150 vs original 11507 characters)"
SUCCESS,/categories/jalan/jual-cor-beton-readymix-untuk-jalan-di-babakan-tangerang/,"revised"
FAILED,/categories/jalan/jual-cor-beton-readymix-untuk-jalan-di-babelan-bekasi/,"Revised content too short (7816 vs original 11599 characters)"
FAILED,/categories/jalan/jual-cor-beton-readymix-untuk-jalan-di-badak-anom-tangerang/,"Revised content too short (8274 vs original 10754 characters)"
SUCCESS,/categories/jalan/jual-cor-beton-readymix-untuk-jalan-di-bakung-tangerang/,"revised"
FAILED,/categories/jalan/jual-cor-beton-readymix-untuk-jalan-di-balaraja-tangerang/,"Revised content too short (8330 vs original 11376 characters)"
FAILED,/categories/jalan/jual-cor-beton-readymix-untuk-jalan-di-bambu-apus-jakarta/,"Revised content too short (8624 vs original 11732 characters)"
FAILED,/categories/jalan/jual-cor-beton-readymix-untuk-jalan-di-bantar-panjang-tangerang/,"Revised content too short (8130 vs original 11601 characters)"
SUCCESS,/categories/jalan/jual-cor-beton-readymix-untuk-jalan-di-banyu-asih-tangerang/,"revised"
SUCCESS,/categories/jalan/jual-cor-beton-readymix-untuk-jalan-di-bedahan-depok/,"revised"
SUCCESS,/categories/jalan/jual-cor-beton-readymix-untuk-jalan-di-bencongan-indah-tangerang/,"revised"
FAILED,/categories/jalan/jual-cor-beton-readymix-untuk-jalan-di-benda-tangerang/,"Revised content too short (7554 vs original 10971 characters)"
FAILED,/categories/jalan/jual-cor-beton-readymix-untuk-jalan-di-bidara-cina-jakarta/,"Revised content too short (8468 vs original 10659 characters)"
SUCCESS,/categories/jalan/jual-cor-beton-readymix-untuk-jalan-di-binong-tangerang/,"revised"
FAILED,/categories/jalan/jual-cor-beton-readymix-untuk-jalan-di-bintaro-jakarta/,"Placeholder 1 appears 2x in AI output (should appear exactly 1x) | Placeholder 2 appears 2x in AI output (should appear exactly 1x)"
FAILED,/categories/jalan/jual-cor-beton-readymix-untuk-jalan-di-bitung-jaya-tangerang/,"Revised content too short (7482 vs original 11612 characters)"
SUCCESS,/categories/jalan/jual-cor-beton-readymix-untuk-jalan-di-blukbuk-tangerang/,"revised"
SUCCESS,/categories/jalan/jual-cor-beton-readymix-untuk-jalan-di-bojong-loa-tangerang/,"revised"
FAILED,/categories/jalan/jual-cor-beton-readymix-untuk-jalan-di-babakan-asem-tangerang/,"Revised content too short (8247 vs original 11507 characters)"
FAILED,/categories/jalan/jual-cor-beton-readymix-untuk-jalan-di-babelan-bekasi/,"Revised content too short (8310 vs original 11599 characters)"
SUCCESS,/categories/jalan/jual-cor-beton-readymix-untuk-jalan-di-badak-anom-tangerang/,"revised"
FAILED,/categories/jalan/jual-cor-beton-readymix-untuk-jalan-di-balaraja-tangerang/,"Revised content too short (8953 vs original 11376 characters)"
FAILED,/categories/jalan/jual-cor-beton-readymix-untuk-jalan-di-bambu-apus-jakarta/,"Revised content too short (7248 vs original 11732 characters)"
SUCCESS,/categories/jalan/jual-cor-beton-readymix-untuk-jalan-di-bantar-panjang-tangerang/,"revised"
SUCCESS,/categories/jalan/jual-cor-beton-readymix-untuk-jalan-di-benda-tangerang/,"revised"
SUCCESS,/categories/jalan/jual-cor-beton-readymix-untuk-jalan-di-bidara-cina-jakarta/,"revised"
SUCCESS,/categories/jalan/jual-cor-beton-readymix-untuk-jalan-di-bintaro-jakarta/,"revised"
FAILED,/categories/jalan/jual-cor-beton-readymix-untuk-jalan-di-bitung-jaya-tangerang/,"Revised content too short (8723 vs original 11612 characters)"
SUCCESS,/categories/jalan/jual-cor-beton-readymix-untuk-jalan-di-bojong-nangka-tangerang/,"revised"
FAILED,/categories/jalan/jual-cor-beton-readymix-untuk-jalan-di-bojong-renged-tangerang/,"Revised content too short (8000 vs original 11411 characters)"
FAILED,/categories/jalan/jual-cor-beton-readymix-untuk-jalan-di-bojong-tangerang/,"Revised content too short (8683 vs original 11236 characters)"
SUCCESS,/categories/jalan/jual-cor-beton-readymix-untuk-jalan-di-bojongkamal-tangerang/,"revised"
SUCCESS,/categories/jalan/jual-cor-beton-readymix-untuk-jalan-di-bojongmangu-bekasi/,"revised"
SUCCESS,/categories/jalan/jual-cor-beton-readymix-untuk-jalan-di-buaran-bambu-tangerang/,"revised"
SUCCESS,/categories/jalan/jual-cor-beton-readymix-untuk-jalan-di-buaran-jati-tangerang/,"revised"
SUCCESS,/categories/jalan/jual-cor-beton-readymix-untuk-jalan-di-buaran-mangga-tangerang/,"revised"
SUCCESS,/categories/jalan/jual-cor-beton-readymix-untuk-jalan-di-budi-mulya-tangerang/,"revised"
SUCCESS,/categories/jalan/jual-cor-beton-readymix-untuk-jalan-di-bukit-duri-jakarta/,"revised"
